// Jest Snapshot v1, https://goo.gl/fbAQLP

exports[`Higher order component basic rendering matches snapshot 1`] = `null`;

exports[`Render prop basic rendering matches snapshot 1`] = `
<div>
  Loading Component
</div>
`;
